PROJECT                        BRANCH                      PRs  merge   problems  tk(ip/ready) iss
-------                        ------                      ---  -----   --------  ------------ ---

(cached — herdle --fetch to refresh)  tk = in-progress/ready · problems = local/cleanup problems · iss = open · ⚑untriaged (source-of-truth repos only) · run "herdle <name>" for detail · merge: ✗ need attention / ✓ ready to merge
