PROJECT                        BRANCH                      PRs  merge   problems  tk(ip/ready)
-------                        ------                      ---  -----   --------  ------------

(cached — herdle --fetch to refresh)  tk = in-progress/ready · problems = local/cleanup problems · run "herdle <name>" for detail · merge: ✗ need attention / ✓ ready to merge
